(* Geneated by functoria_test *)

let (>>=) x f = f x
let return x = x
let run x = x

module App_make__2 = App.Make(Bootvar)

let bootvar__1 = lazy (
# 8 "lib/mirage/impl/mirage_impl_argv.ml"
  Bootvar.argv ()
);;

# 14 "test/main.ml"

let app_make__2 = lazy (
  let __bootvar__1 = Lazy.force bootvar__1 in
  __bootvar__1 >>= fun _bootvar__1 ->
# 6 "test/mirage/info_gen/test.ml"
  App_make__2.start _bootvar__1
);;

# 23 "test/main.ml"

let () =
  let t = Lazy.force app_make__2 in
  run t
;;
