;; Generated by "test config".

(include dune.config)

(include dune.build)
