;; Generated by "test config".

(executable
  (name config)
  (modules config)
  (libraries functoria.f0))
