let hello_t =
  Cmdliner.Arg.(value (opt Cmdliner.Arg.string "Hello World!"
    (Cmdliner.Arg.info ~docs:"APPLICATION OPTIONS" ~doc:"How to say hello."
    ["hello"])))

let hello = Functoria_runtime.Key.register hello_t

