(* Geneated by functoria_test *)

let (>>=) x f = f x
let return x = x
let run x = x

module Mirage_crypto_rng_mirage_make__3 = Mirage_crypto_rng_mirage.Make(Unix_os.Time)(Mclock)

module Ethernet_make__5 = Ethernet.Make(Netif)

module Arp_make__6 = Arp.Make(Ethernet_make__5)(Unix_os.Time)

module Static_ipv4_make__7 = Static_ipv4.Make(Mirage_crypto_rng_mirage_make__3)(Mclock)(Ethernet_make__5)(Arp_make__6)

module Ipv6_make__8 = Ipv6.Make(Netif)(Ethernet_make__5)(Mirage_crypto_rng_mirage_make__3)(Unix_os.Time)(Mclock)

module Tcpip_stack_direct_ipv4v6__9 = Tcpip_stack_direct.IPV4V6(Static_ipv4_make__7)(Ipv6_make__8)

module Icmpv4_make__10 = Icmpv4.Make(Static_ipv4_make__7)

module Udp_make__11 = Udp.Make(Tcpip_stack_direct_ipv4v6__9)(Mirage_crypto_rng_mirage_make__3)

module Tcp_flow_make__12 = Tcp.Flow.Make(Tcpip_stack_direct_ipv4v6__9)(Unix_os.Time)(Mclock)(Mirage_crypto_rng_mirage_make__3)

module Tcpip_stack_direct_makev4v6__13 = Tcpip_stack_direct.MakeV4V6(Unix_os.Time)(Mirage_crypto_rng_mirage_make__3)(Netif)(Ethernet_make__5)(Arp_make__6)(Tcpip_stack_direct_ipv4v6__9)(Icmpv4_make__10)(Udp_make__11)(Tcp_flow_make__12)

module Conduit_mirage_tcp__14 = Conduit_mirage.TCP(Tcpip_stack_direct_makev4v6__13)

module Conduit_mirage_tls__15 = Conduit_mirage.TLS(Conduit_mirage_tcp__14)

module App_make__16 = App.Make(Conduit_mirage_tls__15)(Mirage_crypto_rng_mirage_make__3)

let unix_os_time__1 = lazy (
  return ()
);;
# 36 "mirage/main.ml"

let mclock__2 = lazy (
  return ()
);;
# 41 "mirage/main.ml"

let mirage_crypto_rng_mirage_make__3 = lazy (
  let __unix_os_time__1 = Lazy.force unix_os_time__1 in
  let __mclock__2 = Lazy.force mclock__2 in
  __unix_os_time__1 >>= fun _unix_os_time__1 ->
  __mclock__2 >>= fun _mclock__2 ->
# 18 "lib/mirage/impl/mirage_impl_random.ml"
  Mirage_crypto_rng_mirage_make__3.initialize (module Mirage_crypto_rng.Fortuna)
);;
# 51 "mirage/main.ml"

let netif__4 = lazy (
# 31 "lib/mirage/impl/mirage_impl_network.ml"
  Netif.connect (Key_gen.interface ())
);;
# 57 "mirage/main.ml"

let ethernet_make__5 = lazy (
  let __netif__4 = Lazy.force netif__4 in
  __netif__4 >>= fun _netif__4 ->
# 13 "lib/mirage/impl/mirage_impl_ethernet.ml"
  Ethernet_make__5.connect _netif__4
);;
# 65 "mirage/main.ml"

let arp_make__6 = lazy (
  let __ethernet_make__5 = Lazy.force ethernet_make__5 in
  let __unix_os_time__1 = Lazy.force unix_os_time__1 in
  __ethernet_make__5 >>= fun _ethernet_make__5 ->
  __unix_os_time__1 >>= fun _unix_os_time__1 ->
# 16 "lib/mirage/impl/mirage_impl_arpv4.ml"
  Arp_make__6.connect _ethernet_make__5
);;
# 75 "mirage/main.ml"

let static_ipv4_make__7 = lazy (
  let __mirage_crypto_rng_mirage_make__3 = Lazy.force mirage_crypto_rng_mirage_make__3 in
  let __mclock__2 = Lazy.force mclock__2 in
  let __ethernet_make__5 = Lazy.force ethernet_make__5 in
  let __arp_make__6 = Lazy.force arp_make__6 in
  __mirage_crypto_rng_mirage_make__3 >>= fun _mirage_crypto_rng_mirage_make__3 ->
  __mclock__2 >>= fun _mclock__2 ->
  __ethernet_make__5 >>= fun _ethernet_make__5 ->
  __arp_make__6 >>= fun _arp_make__6 ->
# 42 "lib/mirage/impl/mirage_impl_ip.ml"
  Static_ipv4_make__7.connect ~cidr:(Key_gen.ipv4 ())
                           ?gateway:(Key_gen.ipv4_gateway ())
                           _ethernet_make__5 _arp_make__6
);;
# 91 "mirage/main.ml"

let ipv6_make__8 = lazy (
  let __netif__4 = Lazy.force netif__4 in
  let __ethernet_make__5 = Lazy.force ethernet_make__5 in
  let __mirage_crypto_rng_mirage_make__3 = Lazy.force mirage_crypto_rng_mirage_make__3 in
  let __unix_os_time__1 = Lazy.force unix_os_time__1 in
  let __mclock__2 = Lazy.force mclock__2 in
  __netif__4 >>= fun _netif__4 ->
  __ethernet_make__5 >>= fun _ethernet_make__5 ->
  __mirage_crypto_rng_mirage_make__3 >>= fun _mirage_crypto_rng_mirage_make__3 ->
  __unix_os_time__1 >>= fun _unix_os_time__1 ->
  __mclock__2 >>= fun _mclock__2 ->
# 103 "lib/mirage/impl/mirage_impl_ip.ml"
  Ipv6_make__8.connect ~handle_ra:(Key_gen.accept_router_advertisements ())
                    ?cidr:(Key_gen.ipv6 ())
                    ?gateway:(Key_gen.ipv6_gateway ()) _netif__4
                    _ethernet_make__5
);;
# 110 "mirage/main.ml"

let tcpip_stack_direct_ipv4v6__9 = lazy (
  let __static_ipv4_make__7 = Lazy.force static_ipv4_make__7 in
  let __ipv6_make__8 = Lazy.force ipv6_make__8 in
  __static_ipv4_make__7 >>= fun _static_ipv4_make__7 ->
  __ipv6_make__8 >>= fun _ipv6_make__8 ->
# 133 "lib/mirage/impl/mirage_impl_ip.ml"
  Tcpip_stack_direct_ipv4v6__9.connect ~ipv4_only:(Key_gen.ipv4_only ())
                                    ~ipv6_only:(Key_gen.ipv6_only ())
                                    _static_ipv4_make__7 _ipv6_make__8
);;
# 122 "mirage/main.ml"

let icmpv4_make__10 = lazy (
  let __static_ipv4_make__7 = Lazy.force static_ipv4_make__7 in
  __static_ipv4_make__7 >>= fun _static_ipv4_make__7 ->
# 14 "lib/mirage/impl/mirage_impl_icmp.ml"
  Icmpv4_make__10.connect _static_ipv4_make__7
);;
# 130 "mirage/main.ml"

let udp_make__11 = lazy (
  let __tcpip_stack_direct_ipv4v6__9 = Lazy.force tcpip_stack_direct_ipv4v6__9 in
  let __mirage_crypto_rng_mirage_make__3 = Lazy.force mirage_crypto_rng_mirage_make__3 in
  __tcpip_stack_direct_ipv4v6__9 >>= fun _tcpip_stack_direct_ipv4v6__9 ->
  __mirage_crypto_rng_mirage_make__3 >>= fun _mirage_crypto_rng_mirage_make__3 ->
# 18 "lib/mirage/impl/mirage_impl_udp.ml"
  Udp_make__11.connect _tcpip_stack_direct_ipv4v6__9
);;
# 140 "mirage/main.ml"

let tcp_flow_make__12 = lazy (
  let __tcpip_stack_direct_ipv4v6__9 = Lazy.force tcpip_stack_direct_ipv4v6__9 in
  let __unix_os_time__1 = Lazy.force unix_os_time__1 in
  let __mclock__2 = Lazy.force mclock__2 in
  let __mirage_crypto_rng_mirage_make__3 = Lazy.force mirage_crypto_rng_mirage_make__3 in
  __tcpip_stack_direct_ipv4v6__9 >>= fun _tcpip_stack_direct_ipv4v6__9 ->
  __unix_os_time__1 >>= fun _unix_os_time__1 ->
  __mclock__2 >>= fun _mclock__2 ->
  __mirage_crypto_rng_mirage_make__3 >>= fun _mirage_crypto_rng_mirage_make__3 ->
# 21 "lib/mirage/impl/mirage_impl_tcp.ml"
  Tcp_flow_make__12.connect _tcpip_stack_direct_ipv4v6__9
);;
# 154 "mirage/main.ml"

let tcpip_stack_direct_makev4v6__13 = lazy (
  let __unix_os_time__1 = Lazy.force unix_os_time__1 in
  let __mirage_crypto_rng_mirage_make__3 = Lazy.force mirage_crypto_rng_mirage_make__3 in
  let __netif__4 = Lazy.force netif__4 in
  let __ethernet_make__5 = Lazy.force ethernet_make__5 in
  let __arp_make__6 = Lazy.force arp_make__6 in
  let __tcpip_stack_direct_ipv4v6__9 = Lazy.force tcpip_stack_direct_ipv4v6__9 in
  let __icmpv4_make__10 = Lazy.force icmpv4_make__10 in
  let __udp_make__11 = Lazy.force udp_make__11 in
  let __tcp_flow_make__12 = Lazy.force tcp_flow_make__12 in
  __unix_os_time__1 >>= fun _unix_os_time__1 ->
  __mirage_crypto_rng_mirage_make__3 >>= fun _mirage_crypto_rng_mirage_make__3 ->
  __netif__4 >>= fun _netif__4 ->
  __ethernet_make__5 >>= fun _ethernet_make__5 ->
  __arp_make__6 >>= fun _arp_make__6 ->
  __tcpip_stack_direct_ipv4v6__9 >>= fun _tcpip_stack_direct_ipv4v6__9 ->
  __icmpv4_make__10 >>= fun _icmpv4_make__10 ->
  __udp_make__11 >>= fun _udp_make__11 ->
  __tcp_flow_make__12 >>= fun _tcp_flow_make__12 ->
# 34 "lib/mirage/impl/mirage_impl_stack.ml"
  Tcpip_stack_direct_makev4v6__13.connect _netif__4 _ethernet_make__5 _arp_make__6 _tcpip_stack_direct_ipv4v6__9 _icmpv4_make__10 _udp_make__11 _tcp_flow_make__12
);;
# 178 "mirage/main.ml"

let conduit_mirage_tcp__14 = lazy (
  let __tcpip_stack_direct_makev4v6__13 = Lazy.force tcpip_stack_direct_makev4v6__13 in
  __tcpip_stack_direct_makev4v6__13 >>= fun _tcpip_stack_direct_makev4v6__13 ->
# 14 "lib/mirage/impl/mirage_impl_conduit.ml"
  Lwt.return _tcpip_stack_direct_makev4v6__13

);;
# 187 "mirage/main.ml"

let conduit_mirage_tls__15 = lazy (
  let __conduit_mirage_tcp__14 = Lazy.force conduit_mirage_tcp__14 in
  let __mirage_crypto_rng_mirage_make__3 = Lazy.force mirage_crypto_rng_mirage_make__3 in
  __conduit_mirage_tcp__14 >>= fun _conduit_mirage_tcp__14 ->
  __mirage_crypto_rng_mirage_make__3 >>= fun _mirage_crypto_rng_mirage_make__3 ->
# 23 "lib/mirage/impl/mirage_impl_conduit.ml"
  Lwt.return _conduit_mirage_tcp__14

);;
# 198 "mirage/main.ml"

let app_make__16 = lazy (
  let __conduit_mirage_tls__15 = Lazy.force conduit_mirage_tls__15 in
  let __mirage_crypto_rng_mirage_make__3 = Lazy.force mirage_crypto_rng_mirage_make__3 in
  __conduit_mirage_tls__15 >>= fun _conduit_mirage_tls__15 ->
  __mirage_crypto_rng_mirage_make__3 >>= fun _mirage_crypto_rng_mirage_make__3 ->
  App_make__16.start _conduit_mirage_tls__15 _mirage_crypto_rng_mirage_make__3
);;
# 207 "mirage/main.ml"

let sys__17 = lazy (
# 24 "lib/functoria/argv.ml"
  return Sys.argv
);;
# 213 "mirage/main.ml"

let key_gen__18 = lazy (
  let __sys__17 = Lazy.force sys__17 in
  __sys__17 >>= fun _sys__17 ->
# 51 "lib/functoria/job.ml"
  return Functoria_runtime.(with_argv (runtime_args ()) "foo" _sys__17)
);;
# 221 "mirage/main.ml"

let functoria_runtime__19 = lazy (
  let __app_make__16 = Lazy.force app_make__16 in
  let __key_gen__18 = Lazy.force key_gen__18 in
  __app_make__16 >>= fun _app_make__16 ->
  __key_gen__18 >>= fun _key_gen__18 ->
# 27 "test/mirage/random-unix/test.ml"
  return ()
);;
# 231 "mirage/main.ml"

let () =
  let t = Lazy.force functoria_runtime__19 in
  run t
;;
