$(dune build ./config.exe)
$(_build/default/config.exe c a b c --dry-run)
