$(dune build ./config.exe)
$(_build/default/config.exe --dry-run)
