$(dune build ./config.exe)
$(_build/default/config.exe help configure --dry-run)
