$(dune build ./config.exe)
$(_build/default/config.exe help a b c --dry-run)
