$(dune build ./config.exe)
$(_build/default/config.exe query a b c --dry-run)
