$(dune build ./config.exe)
$(_build/default/config.exe help --dry-run)
