* Get_var PKG_CONFIG_PATH -> <not set>
* Run_cmd 'opam config var prefix' (ok)
* Set_var PKG_CONFIG_PATH $prefix/share/pkgconfig:$prefix/lib/pkgconfig
* Run_cmd 'pkg-config mirage-solo5 --static --libs-only-l' (ok)
* Get_var PKG_CONFIG_PATH -> $prefix/share/pkgconfig:$prefix/lib/pkgconfig
* Run_cmd 'opam config var prefix' (ok)
* Set_var PKG_CONFIG_PATH $prefix/share/pkgconfig:$prefix/lib/pkgconfig:$prefix/share/pkgconfig:$prefix/lib/pkgconfig
* Run_cmd 'pkg-config solo5-bindings-hvt --variable=ldflags' (ok)
* Get_var PKG_CONFIG_PATH -> $prefix/share/pkgconfig:$prefix/lib/pkgconfig:$prefix/share/pkgconfig:$prefix/lib/pkgconfig
* Run_cmd 'opam config var prefix' (ok)
* Set_var PKG_CONFIG_PATH $prefix/share/pkgconfig:$prefix/lib/pkgconfig:$prefix/share/pkgconfig:$prefix/lib/pkgconfig:$prefix/share/pkgconfig:$prefix/lib/pkgconfig
* Run_cmd 'pkg-config solo5-bindings-hvt --variable=ldpostflags' (ok)
* Get_var PKG_CONFIG_PATH -> $prefix/share/pkgconfig:$prefix/lib/pkgconfig:$prefix/share/pkgconfig:$prefix/lib/pkgconfig:$prefix/share/pkgconfig:$prefix/lib/pkgconfig
* Run_cmd 'opam config var prefix' (ok)
* Set_var PKG_CONFIG_PATH $prefix/share/pkgconfig:$prefix/lib/pkgconfig:$prefix/share/pkgconfig:$prefix/lib/pkgconfig:$prefix/share/pkgconfig:$prefix/lib/pkgconfig:$prefix/share/pkgconfig:$prefix/lib/pkgconfig
* Run_cmd 'pkg-config solo5-bindings-hvt --variable=ld' (ok)
