.test.config dune.build key_gen.ml main.ml noop.install
